
> tempolux@0.0.0 start
> ng serve --host 127.0.0.1 --port 4200

[33m>[39m Building...
[32m√[39m Building...
[1mInitial chunk files[22m[2m | [22m[1mNames[22m                     [2m | [22m [1mRaw size[22m
[32mmain.js[39m            [2m | [22m[2mmain[22m                      [2m | [22m [36m55.34 kB[39m[2m | [22m
[32mstyles.css[39m         [2m | [22m[2mstyles[22m                    [2m | [22m [36m35.69 kB[39m[2m | [22m
[32mchunk-ATY3OIXA.js[39m  [2m | [22m[2m-[22m                         [2m | [22m [36m11.47 kB[39m[2m | [22m
[32mchunk-A3SIJILB.js[39m  [2m | [22m[2m-[22m                         [2m | [22m  [36m2.72 kB[39m[2m | [22m

[1m [22m                  [2m | [22m[1mInitial total[22m             [2m | [22m[1m105.22 kB[22m

[1mLazy chunk files[22m   [2m | [22m[1mNames[22m                     [2m | [22m [1mRaw size[22m
[32mchunk-CN56O4BQ.js[39m  [2m | [22m[2mwatch-customizer-component[22m[2m | [22m[36m118.20 kB[39m[2m | [22m
[32mchunk-VF2CB7QU.js[39m  [2m | [22m[2maccessories-component[22m     [2m | [22m[36m104.58 kB[39m[2m | [22m
[32mchunk-FJA3Y2FJ.js[39m  [2m | [22m[2mhome-component[22m            [2m | [22m [36m64.80 kB[39m[2m | [22m
[32mchunk-6VFYQJD2.js[39m  [2m | [22m[2mcheckout-component[22m        [2m | [22m [36m59.21 kB[39m[2m | [22m
[32mchunk-GA6JQLFU.js[39m  [2m | [22m[2mcatalog-component[22m         [2m | [22m [36m31.66 kB[39m[2m | [22m

Application bundle generation complete. [1.659 seconds] - 2026-05-26T17:46:27.189Z

Watch mode enabled. Watching for file changes...
NOTE: Raw file sizes do not reflect development server per-request transformations.
  [32m➜[39m  [1mLocal[22m:   [36mhttp://127.0.0.1:[1m4200[22m/[39m
[33m>[39m Changes detected. Rebuilding...
[32m√[39m Changes detected. Rebuilding...
[1mInitial chunk files[22m[2m | [22m[1mNames[22m[2m | [22m[1mRaw size[22m
[32mmain.js[39m            [2m | [22m[2mmain[22m [2m | [22m[36m55.37 kB[39m[2m | [22m

Application bundle generation complete. [1.576 seconds] - 2026-05-26T17:49:12.372Z

Component update sent to client(s).
[33m>[39m Changes detected. Rebuilding...
[32m√[39m Changes detected. Rebuilding...
[1mInitial chunk files[22m[2m | [22m[1mNames[22m[2m | [22m[1mRaw size[22m
[32mmain.js[39m            [2m | [22m[2mmain[22m [2m | [22m[36m55.39 kB[39m[2m | [22m

Application bundle generation complete. [0.436 seconds] - 2026-05-26T17:50:42.049Z

Component update sent to client(s).
[33m>[39m Changes detected. Rebuilding...
[32m√[39m Changes detected. Rebuilding...
[1mInitial chunk files[22m[2m | [22m[1mNames[22m[2m | [22m[1mRaw size[22m
[32mmain.js[39m            [2m | [22m[2mmain[22m [2m | [22m[36m55.35 kB[39m[2m | [22m

Application bundle generation complete. [0.531 seconds] - 2026-05-26T17:51:38.297Z

Component update sent to client(s).
[33m>[39m Changes detected. Rebuilding...
[32m√[39m Changes detected. Rebuilding...
[1mInitial chunk files[22m[2m | [22m[1mNames[22m[2m | [22m[1mRaw size[22m
[32mmain.js[39m            [2m | [22m[2mmain[22m [2m | [22m[36m55.37 kB[39m[2m | [22m

Application bundle generation complete. [0.327 seconds] - 2026-05-26T17:53:00.808Z

Component update sent to client(s).
[33m>[39m Changes detected. Rebuilding...
[32m√[39m Changes detected. Rebuilding...
[1mInitial chunk files[22m[2m | [22m[1mNames[22m[2m | [22m[1mRaw size[22m
[32mmain.js[39m            [2m | [22m[2mmain[22m [2m | [22m[36m55.54 kB[39m[2m | [22m

Application bundle generation complete. [0.478 seconds] - 2026-05-26T17:55:44.094Z

Component update sent to client(s).
[33m>[39m Changes detected. Rebuilding...
[32m√[39m Changes detected. Rebuilding...
[1mInitial chunk files[22m[2m | [22m[1mNames[22m[2m | [22m[1mRaw size[22m
[32mmain.js[39m            [2m | [22m[2mmain[22m [2m | [22m[36m55.49 kB[39m[2m | [22m

Application bundle generation complete. [0.244 seconds] - 2026-05-26T17:57:11.961Z

Component update sent to client(s).
[33m>[39m Changes detected. Rebuilding...
[32m√[39m Changes detected. Rebuilding...
[1mInitial chunk files[22m[2m | [22m[1mNames[22m[2m | [22m[1mRaw size[22m
[32mmain.js[39m            [2m | [22m[2mmain[22m [2m | [22m[36m55.68 kB[39m[2m | [22m

Application bundle generation complete. [0.245 seconds] - 2026-05-26T17:57:21.582Z

Component update sent to client(s).
[33m>[39m Changes detected. Rebuilding...
[32m√[39m Changes detected. Rebuilding...
[1mInitial chunk files[22m[2m | [22m[1mNames[22m                     [2m | [22m [1mRaw size[22m
[32mmain.js[39m            [2m | [22m[2mmain[22m                      [2m | [22m [36m55.68 kB[39m[2m | [22m
[32mchunk-LC3RXCRK.js[39m  [2m | [22m[2m-[22m                         [2m | [22m  [36m2.68 kB[39m[2m | [22m

[1mLazy chunk files[22m   [2m | [22m[1mNames[22m                     [2m | [22m [1mRaw size[22m
[32mchunk-5INO23J5.js[39m  [2m | [22m[2mwatch-customizer-component[22m[2m | [22m[36m118.20 kB[39m[2m | [22m
[32mchunk-Z6JXLOJC.js[39m  [2m | [22m[2maccessories-component[22m     [2m | [22m[36m104.58 kB[39m[2m | [22m
[32mchunk-DV7BC2CC.js[39m  [2m | [22m[2mcheckout-component[22m        [2m | [22m [36m59.21 kB[39m[2m | [22m
[32mchunk-LC6EWRJZ.js[39m  [2m | [22m[2mcatalog-component[22m         [2m | [22m [36m31.66 kB[39m[2m | [22m

Application bundle generation complete. [0.134 seconds] - 2026-05-26T18:03:47.036Z

Page reload sent to client(s).
[33m>[39m Changes detected. Rebuilding...
[32m√[39m Changes detected. Rebuilding...
Application bundle generation failed. [0.281 seconds] - 2026-05-26T18:03:50.961Z

[33m>[39m Changes detected. Rebuilding...
[32m√[39m Changes detected. Rebuilding...
[1mInitial chunk files[22m[2m | [22m[1mNames[22m                     [2m | [22m [1mRaw size[22m
[32mmain.js[39m            [2m | [22m[2mmain[22m                      [2m | [22m [36m55.68 kB[39m[2m | [22m
[32mstyles.css[39m         [2m | [22m[2mstyles[22m                    [2m | [22m [36m35.69 kB[39m[2m | [22m
[32mchunk-ATY3OIXA.js[39m  [2m | [22m[2m-[22m                         [2m | [22m [36m11.47 kB[39m[2m | [22m
[32mchunk-LC3RXCRK.js[39m  [2m | [22m[2m-[22m                         [2m | [22m  [36m2.68 kB[39m[2m | [22m

[1m [22m                  [2m | [22m[1mInitial total[22m             [2m | [22m[1m105.52 kB[22m

[1mLazy chunk files[22m   [2m | [22m[1mNames[22m                     [2m | [22m [1mRaw size[22m
[32mchunk-RAB4C7JX.js[39m  [2m | [22m[2mwatch-customizer-component[22m[2m | [22m[36m123.59 kB[39m[2m | [22m
[32mchunk-Z6JXLOJC.js[39m  [2m | [22m[2maccessories-component[22m     [2m | [22m[36m104.58 kB[39m[2m | [22m
[32mchunk-FJA3Y2FJ.js[39m  [2m | [22m[2mhome-component[22m            [2m | [22m [36m64.80 kB[39m[2m | [22m
[32mchunk-DV7BC2CC.js[39m  [2m | [22m[2mcheckout-component[22m        [2m | [22m [36m59.21 kB[39m[2m | [22m
[32mchunk-LC6EWRJZ.js[39m  [2m | [22m[2mcatalog-component[22m         [2m | [22m [36m31.66 kB[39m[2m | [22m

Application bundle generation complete. [0.737 seconds] - 2026-05-26T18:04:30.647Z

Page reload sent to client(s).
[33m>[39m Changes detected. Rebuilding...
[32m√[39m Changes detected. Rebuilding...
[1mInitial chunk files[22m[2m | [22m[1mNames[22m                     [2m | [22m [1mRaw size[22m
[32mmain.js[39m            [2m | [22m[2mmain[22m                      [2m | [22m [36m55.68 kB[39m[2m | [22m

[1mLazy chunk files[22m   [2m | [22m[1mNames[22m                     [2m | [22m [1mRaw size[22m
[32mchunk-F6A6HKCB.js[39m  [2m | [22m[2mwatch-customizer-component[22m[2m | [22m[36m123.63 kB[39m[2m | [22m

Application bundle generation complete. [0.607 seconds] - 2026-05-26T18:04:39.056Z

Page reload sent to client(s).
