- Building...

C:\Users\Adrian\Documents\GitHub\PROJECTS\Porfolio\node_modules\@angular-devkit\architect\node_modules\rxjs\dist\cjs\internal\util\reportUnhandledError.js:13
            throw err;
            ^

Error: spawn EPERM
    at ChildProcess.spawn (node:internal/child_process:441:11)
    at Object.spawn (node:child_process:796:9)
    at ensureServiceIsRunning (C:\Users\Adrian\Documents\GitHub\PROJECTS\Porfolio\node_modules\esbuild\lib\main.js:2164:29)
    at context (C:\Users\Adrian\Documents\GitHub\PROJECTS\Porfolio\node_modules\esbuild\lib\main.js:2048:33)
    at #performBundle (C:\Users\Adrian\Documents\GitHub\PROJECTS\Porfolio\node_modules\@angular-devkit\build-angular\src\tools\esbuild\bundler-context.js:158:68)
    at BundlerContext.bundle (C:\Users\Adrian\Documents\GitHub\PROJECTS\Porfolio\node_modules\@angular-devkit\build-angular\src\tools\esbuild\bundler-context.js:132:49)
    at C:\Users\Adrian\Documents\GitHub\PROJECTS\Porfolio\node_modules\@angular-devkit\build-angular\src\tools\esbuild\bundler-context.js:65:28
    at Array.map (<anonymous>)
    at BundlerContext.bundleAll (C:\Users\Adrian\Documents\GitHub\PROJECTS\Porfolio\node_modules\@angular-devkit\build-angular\src\tools\esbuild\bundler-context.js:61:67)
    at executeBuild (C:\Users\Adrian\Documents\GitHub\PROJECTS\Porfolio\node_modules\@angular-devkit\build-angular\src\builders\application\execute-build.js:40:67) {
  errno: -4048,
  code: 'EPERM',
  syscall: 'spawn'
}

Node.js v24.15.0
npm notice
npm notice New minor version of npm available! 11.12.1 -> 11.15.0
npm notice Changelog: https://github.com/npm/cli/releases/tag/v11.15.0
npm notice To update run: npm install -g npm@11.15.0
npm notice
