[INFO] Scanning for projects...
[INFO] 
[INFO] ---------------------< com.tempolux:tempolux-api >----------------------
[INFO] Building TempoLux API 0.0.1-SNAPSHOT
[INFO]   from pom.xml
[INFO] --------------------------------[ jar ]---------------------------------
[INFO] 
[INFO] >>> spring-boot:3.3.6:run (default-cli) > test-compile @ tempolux-api >>>
[INFO] 
[INFO] --- resources:3.3.1:resources (default-resources) @ tempolux-api ---
[INFO] skip non existing resourceDirectory C:\Users\Adrian\Documents\GitHub\PROJECTS\TempoLux\backend\src\main\resources
[INFO] skip non existing resourceDirectory C:\Users\Adrian\Documents\GitHub\PROJECTS\TempoLux\backend\src\main\resources
[INFO] 
[INFO] --- compiler:3.13.0:compile (default-compile) @ tempolux-api ---
[INFO] Nothing to compile - all classes are up to date.
[INFO] 
[INFO] --- resources:3.3.1:testResources (default-testResources) @ tempolux-api ---
[INFO] skip non existing resourceDirectory C:\Users\Adrian\Documents\GitHub\PROJECTS\TempoLux\backend\src\test\resources
[INFO] 
[INFO] --- compiler:3.13.0:testCompile (default-testCompile) @ tempolux-api ---
[INFO] Nothing to compile - all classes are up to date.
[INFO] 
[INFO] <<< spring-boot:3.3.6:run (default-cli) < test-compile @ tempolux-api <<<
[INFO] 
[INFO] 
[INFO] --- spring-boot:3.3.6:run (default-cli) @ tempolux-api ---
[INFO] Attaching agents: []

  .   ____          _            __ _ _
 /\\ / ___'_ __ _ _(_)_ __  __ _ \ \ \ \
( ( )\___ | '_ | '_| | '_ \/ _` | \ \ \ \
 \\/  ___)| |_)| | | | | || (_| |  ) ) ) )
  '  |____| .__|_| |_|_| |_\__, | / / / /
 =========|_|==============|___/=/_/_/_/

 :: Spring Boot ::                (v3.3.6)

2026-05-19T13:49:18.535+02:00  INFO 31508 --- [           main] com.tempolux.TempoLuxApiApplication      : Starting TempoLuxApiApplication using Java 21.0.2 with PID 31508 (C:\Users\Adrian\Documents\GitHub\PROJECTS\TempoLux\backend\target\classes started by Adrian in C:\Users\Adrian\Documents\GitHub\PROJECTS\TempoLux\backend)
2026-05-19T13:49:18.537+02:00  INFO 31508 --- [           main] com.tempolux.TempoLuxApiApplication      : No active profile set, falling back to 1 default profile: "default"
2026-05-19T13:49:19.139+02:00  INFO 31508 --- [           main] o.s.b.w.embedded.tomcat.TomcatWebServer  : Tomcat initialized with port 8080 (http)
2026-05-19T13:49:19.153+02:00  INFO 31508 --- [           main] o.apache.catalina.core.StandardService   : Starting service [Tomcat]
2026-05-19T13:49:19.154+02:00  INFO 31508 --- [           main] o.apache.catalina.core.StandardEngine    : Starting Servlet engine: [Apache Tomcat/10.1.33]
2026-05-19T13:49:19.189+02:00  INFO 31508 --- [           main] o.a.c.c.C.[Tomcat].[localhost].[/]       : Initializing Spring embedded WebApplicationContext
2026-05-19T13:49:19.190+02:00  INFO 31508 --- [           main] w.s.c.ServletWebServerApplicationContext : Root WebApplicationContext: initialization completed in 618 ms
2026-05-19T13:49:19.403+02:00  INFO 31508 --- [           main] o.s.b.w.embedded.tomcat.TomcatWebServer  : Tomcat started on port 8080 (http) with context path '/'
2026-05-19T13:49:19.408+02:00  INFO 31508 --- [           main] com.tempolux.TempoLuxApiApplication      : Started TempoLuxApiApplication in 1.125 seconds (process running for 1.353)
2026-05-19T13:49:31.442+02:00  INFO 31508 --- [nio-8080-exec-1] o.a.c.c.C.[Tomcat].[localhost].[/]       : Initializing Spring DispatcherServlet 'dispatcherServlet'
2026-05-19T13:49:31.442+02:00  INFO 31508 --- [nio-8080-exec-1] o.s.web.servlet.DispatcherServlet        : Initializing Servlet 'dispatcherServlet'
2026-05-19T13:49:31.443+02:00  INFO 31508 --- [nio-8080-exec-1] o.s.web.servlet.DispatcherServlet        : Completed initialization in 1 ms
2026-05-19T17:46:59.395+02:00  INFO 31508 --- [nio-8080-exec-7] o.apache.tomcat.util.http.parser.Cookie  : A cookie header was received [g_state={"i_l":0,"i_ll":1776264262385,"i_e":{"enable_itp_optimization":22},"i_et":1776253338498,"i_b":"8hIgk6RcaR1dzn1GBobzQNpPi7f23pag+mSJBYXKDE0"}] that contained an invalid cookie. That cookie will be ignored.
 Note: further occurrences of this error will be logged at DEBUG level.
[INFO] ------------------------------------------------------------------------
[INFO] BUILD FAILURE
[INFO] ------------------------------------------------------------------------
[INFO] Total time:  13:10 h
[INFO] Finished at: 2026-05-20T02:59:55+02:00
[INFO] ------------------------------------------------------------------------
[ERROR] Failed to execute goal org.springframework.boot:spring-boot-maven-plugin:3.3.6:run (default-cli) on project tempolux-api: Process terminated with exit code: 1073807364 -> [Help 1]
[ERROR] 
[ERROR] To see the full stack trace of the errors, re-run Maven with the -e switch.
[ERROR] Re-run Maven using the -X switch to enable full debug logging.
[ERROR] 
[ERROR] For more information about the errors and possible solutions, please read the following articles:
[ERROR] [Help 1] http://cwiki.apache.org/confluence/display/MAVEN/MojoExecutionException
